
> blog-generator@0.0.0 build
> vite build

[36mvite v8.0.10 [32mbuilding client environment for production...[36m[39m
[2K
transforming...??178 modules transformed.
node.exe : [31m??[39m Build failed in 263ms
위치 줄:1 문자:1
+ & "C:\Program Files\nodejs/node.exe" "C:\Program Files\nodejs/node_mo ...
+ ~~~~~~~~~~~~~~~~~~~~~~~~~~~~~~~~~~~~~~~~~~~~~~~~~~~~~~~~~~~~~~~~~~~~~
    + CategoryInfo          : NotSpecified: ([31m??[39m Build failed in 263ms:String) [], RemoteException
    + FullyQualifiedErrorId : NativeCommandError
 
[31merror during build:
[31mBuild failed with 1 error:

[31m[builtin:vite-transform] Error:[0m Expected a semicolon or an implicit semicolon after a statement, but found non
e
     [38;5;246m??[0m[38;5;246m?[0m[38;5;246m[[0m src/App.jsx:384:12 [38;5;246m][0m
     [38;5;246m??[0m
 [38;5;246m384 ??[0m [38;5;249m [0m[38;5;249m [0m[38;5;249m [0m[38;5;249m [0m[38;5;249m [0m[38;5;249m [0m
[38;5;249m [0m[38;5;249m [0m[38;5;249m-[0m[38;5;249m [0m[38;5;249m`[0m[38;5;249mt[0m[38;5;249mi[0m[38;5;2
49mt[0m[38;5;249ml[0m[38;5;249me[0m[38;5;249m`[0m[38;5;249m:[0m[38;5;249m [0m[38;5;249m??[0m[38;5;249m??[0
m[38;5;249m紐?[0m[38;5;249m [0m[38;5;249m??[0m[38;5;249m??[0m[38;5;249m.[0m
 [38;5;240m    ??[0m            ??
 [38;5;240m    ??[0m            ?겸? 
 [38;5;240m    ??[0m 
 [38;5;240m    ??[0m [38;5;115mHelp[0m: Try inserting a semicolon here
[38;5;246m???????[0m
[31m
    at aggregateBindingErrorsIntoJsError (file:///D:/%EC%B4%88%EB%B3%B4%ED%94%84%EB%A1%9C%EC%A0%9D%ED%8A%B8/blog-genera
tor/node_modules/rolldown/dist/shared/error-DL-e8-oE.mjs:48:18)
    at unwrapBindingResult (file:///D:/%EC%B4%88%EB%B3%B4%ED%94%84%EB%A1%9C%EC%A0%9D%ED%8A%B8/blog-generator/node_modul
es/rolldown/dist/shared/error-DL-e8-oE.mjs:18:128)
    at #build (file:///D:/%EC%B4%88%EB%B3%B4%ED%94%84%EB%A1%9C%EC%A0%9D%ED%8A%B8/blog-generator/node_modules/rolldown/d
ist/shared/rolldown-build-DSxL8qiP.mjs:3317:34)
    at async buildEnvironment (file:///D:/%EC%B4%88%EB%B3%B4%ED%94%84%EB%A1%9C%EC%A0%9D%ED%8A%B8/blog-generator/node_mo
dules/vite/dist/node/chunks/node.js:33018:64)
    at async Object.build (file:///D:/%EC%B4%88%EB%B3%B4%ED%94%84%EB%A1%9C%EC%A0%9D%ED%8A%B8/blog-generator/node_module
s/vite/dist/node/chunks/node.js:33440:19)
    at async Object.buildApp (file:///D:/%EC%B4%88%EB%B3%B4%ED%94%84%EB%A1%9C%EC%A0%9D%ED%8A%B8/blog-generator/node_mod
ules/vite/dist/node/chunks/node.js:33437:153)
    at async CAC.<anonymous> (file:///D:/%EC%B4%88%EB%B3%B4%ED%94%84%EB%A1%9C%EC%A0%9D%ED%8A%B8/blog-generator/node_mod
ules/vite/dist/node/cli.js:778:3) {
  errors: [Getter/Setter]
}[39m
